// Jest Snapshot v1, https://goo.gl/fbAQLP

exports[`AcceleratorExperimentList renders with accelerator experiments 1`] = `
<div
  className="__InlineList__"
>
  <span
    className=""
  >
    Accelerator experiments
    : 
  </span>
  <ul>
    <li
      key="CERN-LHC-CMS"
    >
      CERN-LHC-CMS
      , 
    </li>
    <li
      key="FNAL-123-456"
    >
      FNAL-123-456
    </li>
  </ul>
</div>
`;
