// Jest Snapshot v1, https://goo.gl/fbAQLP

exports[`ArxivEprint renders with arXiv id 1`] = `
<span>
  <ArxivEprintLink>
    123.12345
  </ArxivEprintLink>
  <span>
     [
    cat
    ]
  </span>
</span>
`;
