// Jest Snapshot v1, https://goo.gl/fbAQLP

exports[`ParentRecordLink renders with parent record 1`] = `
<div>
  <span>
    Part of 
  </span>
  <Link
    to="/literature/1234"
  >
    A title of book
  </Link>
</div>
`;
