// Jest Snapshot v1, https://goo.gl/fbAQLP

exports[`ToolAction renders 1`] = `
<ListItemAction>
  <DropdownMenu
    disabled={false}
    title={
      <ForwardRef(InternalButton)>
        <IconText
          icon={<ForwardRef(ToolOutlined) />}
          text="tools"
        />
      </ForwardRef(InternalButton)>
    }
  >
    <MenuItem
      data-test-id="assign-conference"
      key="assign-conference"
      onClick={[Function]}
      title={null}
    >
      Assign conference
    </MenuItem>
    <MenuItem
      data-test-id="export-to-CDS"
      key="export-to-CDS"
      onClick={[Function]}
      title={null}
    >
      Export to CDS
    </MenuItem>
    <ExportToCdsModal
      onCancel={[Function]}
      onOk={[Function]}
      selectionSize={3}
      visible={false}
    />
  </DropdownMenu>
</ListItemAction>
`;

exports[`ToolAction renders disabled 1`] = `
<ListItemAction>
  <DropdownMenu
    disabled={false}
    title={
      <ForwardRef(InternalButton)>
        <IconText
          icon={<ForwardRef(ToolOutlined) />}
          text="tools"
        />
      </ForwardRef(InternalButton)>
    }
  >
    <MenuItem
      data-test-id="assign-conference"
      disabled={true}
      key="assign-conference"
      onClick={[Function]}
      title="Please select up to 250 papers that you want to assign to a conference."
    >
      Assign conference
    </MenuItem>
    <MenuItem
      data-test-id="export-to-CDS"
      disabled={true}
      key="export-to-CDS"
      onClick={[Function]}
      title="Please select up to 250 papers that you want to export to CDS."
    >
      Export to CDS
    </MenuItem>
    <ExportToCdsModal
      onCancel={[Function]}
      onOk={[Function]}
      selectionSize={3}
      visible={false}
    />
  </DropdownMenu>
</ListItemAction>
`;
