<?xml version="1.0" encoding="UTF-8"?>
<records>
   <record>
      <new />
      <site_input_code>FNAL</site_input_code>
      <product_type product_subtype="R">CO</product_type>
      <access_limitation>
         <unl />
      </access_limitation>
      <site_url>https://lss.fnal.gov/archive/2021/slides/fermilab-slides-21-034-t.pdf</site_url>
      <title>Lattice QCD and Î½A</title>
      <authors>
         <authors_detail>
            <first_name>Michael</first_name>
            <middle_name>L.</middle_name>
            <last_name>Wagman</last_name>
            <affiliation>Fermilab</affiliation>
            <private_email />
            <orcid_id />
         </authors_detail>
      </authors>
      <contributor_organizations />
      <report_nos>FERMILAB-SLIDES-21-034-T</report_nos>
      <doe_contract_nos>AC02-07CH11359</doe_contract_nos>
      <site_input_code>FNAL</site_input_code>
      <country_publication_code>US</country_publication_code>
      <sponsor_org>USDOE Office of Science (SC), High Energy Physics (HEP) (SC-25)</sponsor_org>
      <released_by>Heath O'Connell</released_by>
      <released_by_email>hoc@fnal.gov</released_by_email>
      <released_by_phone>630-840-6017</released_by_phone>
      <medium_code>ED</medium_code>
      <file_format>PDF/A</file_format>
      <description />
      <originating_research_org>Fermi National Accelerator Laboratory (FNAL), Batavia, IL (United States)</originating_research_org>
      <journal_name />
      <journal_volume />
      <journal_issue />
      <product_size />
      <doi>10.2172/1827835</doi>
      <conference_information> 03/15-03/18</conference_information>
      <other_identifying_nos>oai:inspirehep.net:1941996</other_identifying_nos>
      <publication_date>1900</publication_date>
      <language>English</language>
      <subject_category_code />
      <released_date>10/28/2021</released_date>
   </record>
</records>