// Jest Snapshot v1, https://goo.gl/fbAQLP

exports[`AuthorTwitterAction renders with twitter 1`] = `
<ListItemAction>
  <ExternalLink
    href="//twitter.com/harunurhan"
  >
    <Icon
      type="twitter"
    />
  </ExternalLink>
</ListItemAction>
`;
