// Jest Snapshot v1, https://goo.gl/fbAQLP

exports[`ClaimingDisabledButton renders 1`] = `
<ListItemAction>
  <DropdownMenu
    disabled={true}
    title={
      <ForwardRef
        arrowPointAtCenter={false}
        autoAdjustOverflow={true}
        mouseEnterDelay={0.1}
        mouseLeaveDelay={0.1}
        placement="top"
        title="Login to claim your papers"
      >
        <ForwardRef(InternalButton)
          disabled={true}
        >
          <IconText
            icon={<ForwardRef(FileDoneOutlined) />}
            text="claim"
          />
        </ForwardRef(InternalButton)>
      </ForwardRef>
    }
  />
</ListItemAction>
`;
