// Jest Snapshot v1, https://goo.gl/fbAQLP

exports[`ErrorAppCrash renders ErrorAppCrash 1`] = `
<Row
  justify="center"
  type="flex"
>
  <ErrorPage
    detail={
      <span>
        Please try again later, you can 
        <a
          href="/"
        >
          go back home
        </a>
         now.
      </span>
    }
    imageSrc="500.svg"
    message="Something went wrong"
  />
</Row>
`;
