// Jest Snapshot v1, https://goo.gl/fbAQLP

exports[`Contact renders with contactDetails 1`] = `
<div>
  <strong>
    Contact: 
  </strong>
  <ContactList
    contacts={
      Immutable.List [
        Immutable.Map {
          "email": "johndoe@yahoo.com",
          "name": "John",
        },
        Immutable.Map {
          "email": "johndoe2@yahoo.com",
          "name": "John2",
        },
      ]
    }
    wrapperClassName="di"
  />
</div>
`;
