// Jest Snapshot v1, https://goo.gl/fbAQLP

exports[`RichTextEditor renders 1`] = `
<DocumentFragment>
  <span
    class="ql-formats"
  >
    <button
      class="ql-bold"
      title="Bold"
      type="button"
    />
    <button
      class="ql-italic"
      title="Italic"
      type="button"
    />
  </span>
  <span
    class="ql-formats"
  >
    <button
      class="ql-list"
      title="Numbered List"
      type="button"
      value="ordered"
    />
    <button
      class="ql-list"
      title="Bulleted List"
      type="button"
      value="bullet"
    />
  </span>
  <span
    class="ql-formats"
  >
    <button
      class="ql-link"
      title="Link"
      type="button"
    />
  </span>
  <span
    class="ql-formats"
  >
    <button
      class="ql-clean"
      title="Clear All Formatting"
      type="button"
    />
  </span>
</DocumentFragment>
`;
