// Jest Snapshot v1, https://goo.gl/fbAQLP

exports[`Footer renders 1`] = `
<Basic
  className="__Footer__"
  prefixCls="ant-layout-footer"
>
  <Row
    align="bottom"
    gutter={0}
    justify="space-between"
    type="flex"
  >
    <Col>
      <ExternalLink
        className="footer-link"
        href="//invenio-software.org/"
      >
        Powered by Invenio
      </ExternalLink>
    </Col>
    <Col>
      <Row
        gutter={0}
        justify="start"
        type="flex"
      >
        <Col>
          <ExternalLink
            className="footer-link"
            href="//inspirehep.net/info/general/privacy-policy"
          >
            Privacy Policy
          </ExternalLink>
        </Col>
        <Col>
          <ExternalLink
            className="footer-link"
            href="//inspirehep.net/info/general/terms-of-use"
          >
            Terms of Use
          </ExternalLink>
        </Col>
        <Col>
          <ExternalLink
            className="footer-link"
            href="mailto:feedback@inspirehep.net"
          >
            Contact
          </ExternalLink>
        </Col>
        <Col>
          <ExternalLink
            className="footer-link"
            href="https://twitter.com/inspirehep"
          >
            Twitter
          </ExternalLink>
        </Col>
        <Col>
          <ExternalLink
            className="footer-link"
            href="//blog.inspirehep.net"
          >
            Blog
          </ExternalLink>
        </Col>
      </Row>
    </Col>
  </Row>
</Basic>
`;
