// Jest Snapshot v1, https://goo.gl/fbAQLP

exports[`ArxivCategoryList renders arxiv categories 1`] = `
<div
  className="__InlineList__"
>
  <ul
    className=""
  >
    <li
      key="hep-ex"
    >
      <UnclickableTag>
        hep-ex
      </UnclickableTag>
    </li>
    <li
      key="hep-ph"
    >
      <UnclickableTag>
        hep-ph
      </UnclickableTag>
    </li>
  </ul>
</div>
`;
