// Jest Snapshot v1, https://goo.gl/fbAQLP

exports[`DateRangeFilter renders DateRangeFilter with all props set 1`] = `
<div>
  <Row
    className="mb1"
  >
    From:
  </Row>
  <Row
    className="mb2"
  >
    <ForwardRef
      className="w-100"
      data-test-id="start-date-picker"
      disabledDate={[Function]}
      format="YYYY-MM-DD"
      onChange={[Function]}
      value={"2019-11-21T00:00:00.000Z"}
    />
  </Row>
  <Row
    className="mb1"
  >
    To:
  </Row>
  <Row>
    <ForwardRef
      className="w-100"
      data-test-id="end-date-picker"
      disabledDate={[Function]}
      format="YYYY-MM-DD"
      onChange={[Function]}
      value={"2019-11-22T00:00:00.000Z"}
    />
  </Row>
</div>
`;

exports[`DateRangeFilter renders DateRangeFilter without range 1`] = `
<div>
  <Row
    className="mb1"
  >
    From:
  </Row>
  <Row
    className="mb2"
  >
    <ForwardRef
      className="w-100"
      data-test-id="start-date-picker"
      disabledDate={[Function]}
      format="YYYY-MM-DD"
      onChange={[Function]}
      value={null}
    />
  </Row>
  <Row
    className="mb1"
  >
    To:
  </Row>
  <Row>
    <ForwardRef
      className="w-100"
      data-test-id="end-date-picker"
      disabledDate={[Function]}
      format="YYYY-MM-DD"
      onChange={[Function]}
      value={null}
    />
  </Row>
</div>
`;
