// Jest Snapshot v1, https://goo.gl/fbAQLP

exports[`FormattedNumber renders with children 1`] = `"1,243,553"`;
