// Jest Snapshot v1, https://goo.gl/fbAQLP

exports[`RecordUpdateInfo renders RecordUpdateInfo with correct update time 1`] = `
<span
  className="light-silver"
>
  Updated on
  Oct 5, 2020
</span>
`;
