// Jest Snapshot v1, https://goo.gl/fbAQLP

exports[`SearchBoxNamespaceSelect render initial state with all props set 1`] = `
<SelectBox
  onChange={[MockFunction]}
  options={
    Array [
      Object {
        "value": "literature",
      },
      Object {
        "value": "authors",
      },
      Object {
        "value": "jobs",
      },
      Object {
        "value": "seminars",
      },
      Object {
        "value": "conferences",
      },
      Object {
        "value": "institutions",
      },
      Object {
        "value": "experiments",
      },
      Object {
        "value": "journals",
      },
      Object {
        "value": "data",
      },
    ]
  }
  popupClassName="header-dropdown"
  value="authors"
/>
`;
