// Jest Snapshot v1, https://goo.gl/fbAQLP

exports[`NewsAndUpdates renders 1`] = `
<Fragment>
  <Row
    className="__NewsAndUpdates__"
    justify="center"
  >
    <Col>
      <ContentBox
        className="container"
        leftActions={null}
        loading={false}
        rightActions={null}
        subTitle={null}
        title={null}
      >
        <Loading />
      </ContentBox>
    </Col>
  </Row>
  <Row
    justify="center"
  >
    <Col>
      <ExternalLink
        as="a"
        className="db tc f5 mt4"
        href="https://blog.inspirehep.net/"
      >
        View all
      </ExternalLink>
    </Col>
  </Row>
  <Row
    justify="center"
  >
    <Col
      className="mt5"
    >
      <Space
        size="middle"
      >
        Follow us on
        <LinkWithTargetBlank
          as="a"
          href="https://bsky.app/profile/inspirehep.net"
        >
          <AntdIcon
            component={
              Object {
                "$$typeof": Symbol(react.forward_ref),
                "render": [Function],
              }
            }
            style={
              Object {
                "color": "#1285FC",
                "fontSize": "25px",
              }
            }
          />
        </LinkWithTargetBlank>
        â€¢
        <LinkWithTargetBlank
          as="a"
          href="https://x.com/inspirehep"
        >
          <XOutlined
            style={
              Object {
                "color": "black",
                "fontSize": "24px",
              }
            }
          />
        </LinkWithTargetBlank>
      </Space>
    </Col>
  </Row>
</Fragment>
`;
